| tst.py:4:20:4:43 | <script.*?>.*?<\\/script> | This regular expression matches <script></script>, but not <script \\n></script> |
| tst.py:5:20:5:43 | <script.*?>.*?<\\/script> | This regular expression does not match script end tags containing spaces, tabs or newlines. |
| tst.py:7:20:7:28 | <!--.*--> | This regular expression only matches -->  and not --!> as a HTML comment end tag. |
| tst.py:9:20:9:30 | <!--.*--!?> | This regular expression does not match comments containing newlines. |
| tst.py:10:20:10:53 | <script.*?>(.\|\\s)*?<\\/script[^>]*> | This regular expression matches <script></script>, but not <script \\n></script> |
| tst.py:11:20:11:51 | <script[^>]*?>.*?<\\/script[^>]*> | This regular expression matches <script>foo</script>, but not <script >foo\\n</script> |
| tst.py:12:20:12:58 | <script(\\s\|\\w\|=\|")*?>.*?<\\/script[^>]*> | This regular expression does not match script tags where the attribute uses single-quotes. |
| tst.py:13:20:13:58 | <script(\\s\|\\w\|=\|')*?>.*?<\\/script[^>]*> | This regular expression does not match script tags where the attribute uses double-quotes. |
| tst.py:14:20:14:62 | <script( \|\\n\|\\w\|=\|'\|")*?>.*?<\\/script[^>]*> | This regular expression does not match script tags tabs are used between attributes. |
| tst.py:15:20:15:48 | <script.*?>.*?<\\/script[^>]*> | This regular expression does not match upper case <SCRIPT> tags. |
| tst.py:16:20:16:66 | <(script\|SCRIPT).*?>.*?<\\/(script\|SCRIPT)[^>]*> | This regular expression does not match mixed case <sCrIpT> tags. |
| tst.py:17:20:17:53 | <script[^>]*?>[\\s\\S]*?<\\/script.*> | This regular expression does not match script end tags containing spaces, tabs or newlines. |
