| tst.js:8:3:8:54 | fs.writ ... o600 }) | The file may have changed since it $@. | tst.js:7:6:7:28 | fs.exis ... lePath) | was checked |
| tst.js:14:5:14:42 | fs.writ ... ntent") | The file may have changed since it $@. | tst.js:12:15:12:36 | fs.stat ... ePath2) | was checked |
| tst.js:18:5:18:42 | fs.writ ... ntent") | The file may have changed since it $@. | tst.js:17:1:19:2 | fs.acce ... T OK\\n}) | was checked |
