| (<[a-z\\/!$]("[^"]*"\|'[^']*'\|[^'">])*>\|<!(--.*?--\\s*)+>) | Comments ending with --> are matched differently from comments ending with --!>. The first is matched with capture group 3 and comments ending with --!> are matched with capture group 1. |
| <!--([\\w\\W]*?)-->\|<([^>]*?)> | Comments ending with --> are matched differently from comments ending with --!>. The first is matched with capture group 1 and comments ending with --!> are matched with capture group 2. |
| <!--.*--!?> | This regular expression does not match comments containing newlines. |
| <(?:!--([\\S\|\\s]*?)-->)\|([^\\/\\s>]+)[\\S\\s]*?> | Comments ending with --> are matched differently from comments ending with --!>. The first is matched with capture group 1 and comments ending with --!> are matched with capture group 2. |
| <(?:(?:!--([\\w\\W]*?)-->)\|(?:!\\[CDATA\\[([\\w\\W]*?)\\]\\]>)\|(?:!DOCTYPE([\\w\\W]*?)>)\|(?:\\?([^\\s\\/<>]+) ?([\\w\\W]*?)[?/]>)\|(?:\\/([A-Za-z][A-Za-z0-9\\-_\\:\\.]*)>)\|(?:([A-Za-z][A-Za-z0-9\\-_\\:\\.]*)((?:\\s+[^"'>]+(?:(?:"[^"]*")\|(?:'[^']*')\|[^>]*))*\|\\/\|\\s+)>)) | This regular expression only parses --> (capture group 1) and not --!> as an HTML comment end tag. |
| <(?:(?:\\/([^>]+)>)\|(?:!--([\\S\|\\s]*?)-->)\|(?:([^\\/\\s>]+)((?:\\s+[\\w\\-:.]+(?:\\s*=\\s*?(?:(?:"[^"]*")\|(?:'[^']*')\|[^\\s"'\\/>]+))?)*)[\\S\\s]*?(\\/?)>)) | Comments ending with --> are matched differently from comments ending with --!>. The first is matched with capture group 2 and comments ending with --!> are matched with capture group 3, 4. |
| <(script\|SCRIPT).*?>.*?<\\/(script\|SCRIPT)[^>]*> | This regular expression does not match mixed case <sCrIpT> tags. |
| <script( \|\\n\|\\w\|=\|'\|")*?>.*?<\\/script[^>]*> | This regular expression does not match script tags where tabs are used between attributes. |
| <script(\\s\|\\w\|=\|")*?>.*?<\\/script[^>]*> | This regular expression does not match script tags where the attribute uses single-quotes. |
| <script(\\s\|\\w\|=\|')*?>.*?<\\/script[^>]*> | This regular expression does not match script tags where the attribute uses double-quotes. |
| <script.*?>(.\|\\s)*?<\\/script[^>]*> | This regular expression matches <script></script>, but not <script \\n></script> |
| <script.*?>.*?<\\/script> | This regular expression does not match script end tags like </script >. |
| <script.*?>.*?<\\/script> | This regular expression does not match script end tags like </script >. |
| <script.*?>.*?<\\/script[^>]*> | This regular expression does not match upper case <SCRIPT> tags. |
| <script[^>]*?>.*?<\\/script[^>]*> | This regular expression matches <script>...</script>, but not <script >...\\n</script> |
| <script[^>]*?>[\\s\\S]*?<\\/script.*> | This regular expression does not match script end tags like </script\\t\\n bar>. |
| <script\\b[^>]*>([\\s\\S]*?)<\\/script> | This regular expression does not match script end tags like </script >. |
